BENCH_JOB_BEGIN 2026-09-08T00:41:13Z
HOST=cn22965
ARCH=aarch64
OMP_NUM_THREADS=38
CPU_TARGET=generic
ALLOWED_CPUS=228,229,230,231,232,233,234,235,236,237,238,239,240,241,242,243,244,245,246,247,248,249,250,251,252,253,254,255,256,257,258,259,260,261,262,263,264,265
NUMA_NODE=6
{
  "bench_repeats": 3,
  "environment": {
    "BENCH_REPEATS": "3",
    "CPU_TARGET": "generic",
    "NUMA_NODE": "6",
    "OMP_DYNAMIC": "FALSE",
    "OMP_NUM_THREADS": "38",
    "OMP_PLACES": "cores",
    "OMP_PROC_BIND": "close"
  },
  "numa_policy": "38 allowed CPUs within one NUMA node",
  "scheduler_resources": {
    "cpus": 38,
    "memory_mb": 24576,
    "numa_count": 1,
    "numa_distribution": "pack",
    "queue": "q_kunpeng",
    "walltime_seconds": 1800
  }
}
UTC: 2026-09-08T00:41:14Z
cn22965
Linux cn22965 5.10.0-285.5.v2403.ky10p.aarch64 #1 SMP Mon May 11 10:51:36 CST 2026 aarch64 aarch64 aarch64 GNU/Linux
Architecture:                       aarch64
CPU op-mode(s):                     64-bit
Byte Order:                         Little Endian
CPU(s):                             608
On-line CPU(s) list:                0-607
Vendor ID:                          HiSilicon
Model:                              0
Thread(s) per core:                 1
Core(s) per socket:                 304
Socket(s):                          2
Stepping:                           0x0
Frequency boost:                    enabled
CPU max MHz:                        2000.0000
CPU min MHz:                        1200.0000
BogoMIPS:                           200.00
Flags:                              fp asimd evtstrm aes pmull sha1 sha2 crc32 atomics fphp asimdhp cpuid asimdrdm jscvt fcma lrcpc dcpop sha3 sm3 sm4 asimddp sha512 sve asimdfhm dit uscat ilrcpc flagm ssbs sb paca pacg dcpodp sve2 sveaes svepmull svebitperm svesha3 svesm4 flagm2 frint svei8mm svebf16 i8mm bf16 dgh ecv afp rpres sme smef64f64 smei8i32 smef16f32 smeb16f32 smef32f32 smefa64 wfxt
L1d cache:                          19 MiB (608 instances)
L1i cache:                          19 MiB (608 instances)
L2 cache:                           456 MiB (608 instances)
NUMA node(s):                       32
NUMA node0 CPU(s):                  0-37
NUMA node1 CPU(s):                  38-75
NUMA node2 CPU(s):                  76-113
NUMA node3 CPU(s):                  114-151
NUMA node4 CPU(s):                  152-189
NUMA node5 CPU(s):                  190-227
NUMA node6 CPU(s):                  228-265
NUMA node7 CPU(s):                  266-303
NUMA node8 CPU(s):                  304-341
NUMA node9 CPU(s):                  342-379
NUMA node10 CPU(s):                 380-417
NUMA node11 CPU(s):                 418-455
NUMA node12 CPU(s):                 456-493
NUMA node13 CPU(s):                 494-531
NUMA node14 CPU(s):                 532-569
NUMA node15 CPU(s):                 570-607
NUMA node16 CPU(s):                 
NUMA node17 CPU(s):                 
NUMA node18 CPU(s):                 
NUMA node19 CPU(s):                 
NUMA node20 CPU(s):                 
NUMA node21 CPU(s):                 
NUMA node22 CPU(s):                 
NUMA node23 CPU(s):                 
NUMA node24 CPU(s):                 
NUMA node25 CPU(s):                 
NUMA node26 CPU(s):                 
NUMA node27 CPU(s):                 
NUMA node28 CPU(s):                 
NUMA node29 CPU(s):                 
NUMA node30 CPU(s):                 
NUMA node31 CPU(s):                 
Vulnerability Gather data sampling: Not affected
Vulnerability Itlb multihit:        Not affected
Vulnerability L1tf:                 Not affected
Vulnerability Mds:                  Not affected
Vulnerability Meltdown:             Not affected
Vulnerability Mmio stale data:      Not affected
Vulnerability Retbleed:             Not affected
Vulnerability Spec rstack overflow: Not affected
Vulnerability Spec store bypass:    Not affected
Vulnerability Spectre v1:           Mitigation; __user pointer sanitization
Vulnerability Spectre v2:           Mitigation; CSV2, but not BHB
Vulnerability Srbds:                Not affected
Vulnerability Tsx async abort:      Not affected
policy: default
preferred node: current
physcpubind: 228 229 230 231 232 233 234 235 236 237 238 239 240 241 242 243 244 245 246 247 248 249 250 251 252 253 254 255 256 257 258 259 260 261 262 263 264 265 
cpubind: 6 
nodebind: 6 
membind: 0 1 2 3 4 5 6 7 8 9 10 11 12 13 14 15 
preferred: 
No Modulefiles Currently Loaded.
Compiler from initial PATH (run.sh also records its actual selected compiler):
gcc (GCC) 10.3.1
Copyright (C) 2020 Free Software Foundation, Inc.
This is free software; see the source for copying conditions.  There is NO
warranty; not even for MERCHANTABILITY or FITNESS FOR A PARTICULAR PURPOSE.


BENCH_REPEAT 1/3 BEGIN
Compiler modules unavailable at /home/HPC/HPCKit/latest/modulefiles; using compiler from PATH.
gcc (GCC) 10.3.1
Copyright (C) 2020 Free Software Foundation, Inc.
This is free software; see the source for copying conditions.  There is NO
warranty; not even for MERCHANTABILITY or FITNESS FOR A PARTICULAR PURPOSE.

Host=cn22965 CPU target=generic
Block=64 Unroll=2 Threads=38 Bind=close Places=cores Node=6
bench_conv.c: In function ‘validate_result’:
bench_conv.c:69:19: warning: unused variable ‘inputHeight’ [-Wunused-variable]
   69 |     const CONVINT inputHeight = outputHeight + kernelHeight + 1;
      |                   ^~~~~~~~~~~
bench_conv.c:70:43: warning: ‘inputWidth’ is used uninitialized in this function [-Wuninitialized]
   70 |     const CONVINT inputWidth = inputWidth + kernelWidth - 1;
      |                                ~~~~~~~~~~~^~~~~~~~~~~~~

================================= CONV测试 ================================
   ImageSize   kernelSize         Time(ms)       GFLOPS     最大误差       校验
---------------------------------------------------------------------------
  4096 x  6144     39 x    39       307.24     245.3309     0.00e+00     PASS

================================= CONV测试 ================================
   ImageSize   kernelSize         Time(ms)       GFLOPS     最大误差       校验
---------------------------------------------------------------------------
  6144 x  4096     41 x    41       338.28     246.0578     0.00e+00     PASS

================================= CONV测试 ================================
   ImageSize   kernelSize         Time(ms)       GFLOPS     最大误差       校验
---------------------------------------------------------------------------
  4256 x  6390     55 x    55       651.71     247.1547     0.00e+00     PASS

================================= CONV测试 ================================
   ImageSize   kernelSize         Time(ms)       GFLOPS     最大误差       校验
---------------------------------------------------------------------------
  6390 x  4256     81 x    81      1388.10     249.0978     0.00e+00     PASS
PASS cases: 4; total of printed times: 2685.33 ms
Results: /home/share/huzhenghong/kunpeng-experiments/kp-C2-b64-c5ddb71da3bd/source/results/run-20260908-084115-O0moe9
BENCH_REPEAT 1/3 END

BENCH_REPEAT 2/3 BEGIN
Compiler modules unavailable at /home/HPC/HPCKit/latest/modulefiles; using compiler from PATH.
gcc (GCC) 10.3.1
Copyright (C) 2020 Free Software Foundation, Inc.
This is free software; see the source for copying conditions.  There is NO
warranty; not even for MERCHANTABILITY or FITNESS FOR A PARTICULAR PURPOSE.

Host=cn22965 CPU target=generic
Block=64 Unroll=2 Threads=38 Bind=close Places=cores Node=6
bench_conv.c: In function ‘validate_result’:
bench_conv.c:69:19: warning: unused variable ‘inputHeight’ [-Wunused-variable]
   69 |     const CONVINT inputHeight = outputHeight + kernelHeight + 1;
      |                   ^~~~~~~~~~~
bench_conv.c:70:43: warning: ‘inputWidth’ is used uninitialized in this function [-Wuninitialized]
   70 |     const CONVINT inputWidth = inputWidth + kernelWidth - 1;
      |                                ~~~~~~~~~~~^~~~~~~~~~~~~

================================= CONV测试 ================================
   ImageSize   kernelSize         Time(ms)       GFLOPS     最大误差       校验
---------------------------------------------------------------------------
  4096 x  6144     39 x    39       306.74     245.7290     0.00e+00     PASS

================================= CONV测试 ================================
   ImageSize   kernelSize         Time(ms)       GFLOPS     最大误差       校验
---------------------------------------------------------------------------
  6144 x  4096     41 x    41       339.20     245.3872     0.00e+00     PASS

================================= CONV测试 ================================
   ImageSize   kernelSize         Time(ms)       GFLOPS     最大误差       校验
---------------------------------------------------------------------------
  4256 x  6390     55 x    55       652.13     246.9971     0.00e+00     PASS

================================= CONV测试 ================================
   ImageSize   kernelSize         Time(ms)       GFLOPS     最大误差       校验
---------------------------------------------------------------------------
  6390 x  4256     81 x    81      1389.27     248.8874     0.00e+00     PASS
PASS cases: 4; total of printed times: 2687.34 ms
Results: /home/share/huzhenghong/kunpeng-experiments/kp-C2-b64-c5ddb71da3bd/source/results/run-20260908-084145-UrYQ9l
BENCH_REPEAT 2/3 END

BENCH_REPEAT 3/3 BEGIN
Compiler modules unavailable at /home/HPC/HPCKit/latest/modulefiles; using compiler from PATH.
gcc (GCC) 10.3.1
Copyright (C) 2020 Free Software Foundation, Inc.
This is free software; see the source for copying conditions.  There is NO
warranty; not even for MERCHANTABILITY or FITNESS FOR A PARTICULAR PURPOSE.

Host=cn22965 CPU target=generic
Block=64 Unroll=2 Threads=38 Bind=close Places=cores Node=6
bench_conv.c: In function ‘validate_result’:
bench_conv.c:69:19: warning: unused variable ‘inputHeight’ [-Wunused-variable]
   69 |     const CONVINT inputHeight = outputHeight + kernelHeight + 1;
      |                   ^~~~~~~~~~~
bench_conv.c:70:43: warning: ‘inputWidth’ is used uninitialized in this function [-Wuninitialized]
   70 |     const CONVINT inputWidth = inputWidth + kernelWidth - 1;
      |                                ~~~~~~~~~~~^~~~~~~~~~~~~

================================= CONV测试 ================================
   ImageSize   kernelSize         Time(ms)       GFLOPS     最大误差       校验
---------------------------------------------------------------------------
  4096 x  6144     39 x    39       307.16     245.3970     0.00e+00     PASS

================================= CONV测试 ================================
   ImageSize   kernelSize         Time(ms)       GFLOPS     最大误差       校验
---------------------------------------------------------------------------
  6144 x  4096     41 x    41       333.17     249.8330     0.00e+00     PASS

================================= CONV测试 ================================
   ImageSize   kernelSize         Time(ms)       GFLOPS     最大误差       校验
---------------------------------------------------------------------------
  4256 x  6390     55 x    55       652.33     246.9228     0.00e+00     PASS

================================= CONV测试 ================================
   ImageSize   kernelSize         Time(ms)       GFLOPS     最大误差       校验
---------------------------------------------------------------------------
  6390 x  4256     81 x    81      1387.67     249.1743     0.00e+00     PASS
PASS cases: 4; total of printed times: 2680.33 ms
Results: /home/share/huzhenghong/kunpeng-experiments/kp-C2-b64-c5ddb71da3bd/source/results/run-20260908-084215-iae8oE
BENCH_REPEAT 3/3 END
BENCH_JOB_END 2026-09-08T00:42:45Z
